Hello from ASI Life Agent